// Jest Snapshot v1, https://goo.gl/fbAQLP

exports[`calling render with the same component on the same container does not remount 1`] = `
.c1 {
  line-height: 1.15;
  -ms-text-size-adjust: 100%;
  -webkit-text-size-adjust: 100%;
  margin: 0;
  padding: 0;
  border: 0;
  box-sizing: border-box;
  font: 100% inherit;
  line-height: 1;
  text-align: left;
  -webkit-text-decoration: none;
  text-decoration: none;
  vertical-align: baseline;
  color: inherit;
  background: none;
  cursor: inherit;
  display: block;
  max-width: 100%;
  word-wrap: normal;
  word-break: normal;
  white-space: normal;
}

.c0 {
  color: hsl(0,0%,16%);
  font-family: 'Source Sans Pro','Helvetica Neue',Arial,sans-serif;
  font-size: 18px;
  font-weight: 400;
  line-height: 1.5;
  -webkit-letter-spacing: 0;
  -moz-letter-spacing: 0;
  -ms-letter-spacing: 0;
  letter-spacing: 0;
  -webkit-text-decoration: none;
  text-decoration: none;
  word-break: break-word;
  overflow-wrap: break-word;
  -webkit-font-smoothing: antialiased;
  color: hsl(0,0%,16%);
}

.c0.fi-heading--h1hero {
  font-family: 'Source Sans Pro','Helvetica Neue',Arial,sans-serif;
  font-size: 40px;
  font-weight: 600;
  line-height: 48px;
  -webkit-letter-spacing: 0;
  -moz-letter-spacing: 0;
  -ms-letter-spacing: 0;
  letter-spacing: 0;
  -webkit-text-decoration: none;
  text-decoration: none;
  word-break: break-word;
  overflow-wrap: break-word;
  -webkit-font-smoothing: antialiased;
}

.c0.fi-heading--h1 {
  font-family: 'Source Sans Pro','Helvetica Neue',Arial,sans-serif;
  font-size: 40px;
  font-weight: 300;
  line-height: 48px;
  -webkit-letter-spacing: 0;
  -moz-letter-spacing: 0;
  -ms-letter-spacing: 0;
  letter-spacing: 0;
  -webkit-text-decoration: none;
  text-decoration: none;
  word-break: break-word;
  overflow-wrap: break-word;
  -webkit-font-smoothing: antialiased;
}

.c0.fi-heading--h2 {
  font-family: 'Source Sans Pro','Helvetica Neue',Arial,sans-serif;
  font-size: 28px;
  font-weight: 600;
  line-height: 34px;
  -webkit-letter-spacing: 0;
  -moz-letter-spacing: 0;
  -ms-letter-spacing: 0;
  letter-spacing: 0;
  -webkit-text-decoration: none;
  text-decoration: none;
  word-break: break-word;
  overflow-wrap: break-word;
  -webkit-font-smoothing: antialiased;
}

.c0.fi-heading--h3 {
  font-family: 'Source Sans Pro','Helvetica Neue',Arial,sans-serif;
  font-size: 22px;
  font-weight: 600;
  line-height: 28px;
  -webkit-letter-spacing: 0;
  -moz-letter-spacing: 0;
  -ms-letter-spacing: 0;
  letter-spacing: 0;
  -webkit-text-decoration: none;
  text-decoration: none;
  word-break: break-word;
  overflow-wrap: break-word;
  -webkit-font-smoothing: antialiased;
}

.c0.fi-heading--h4 {
  font-family: 'Source Sans Pro','Helvetica Neue',Arial,sans-serif;
  font-size: 18px;
  font-weight: 600;
  line-height: 24px;
  -webkit-letter-spacing: 0;
  -moz-letter-spacing: 0;
  -ms-letter-spacing: 0;
  letter-spacing: 0;
  -webkit-text-decoration: none;
  text-decoration: none;
  word-break: break-word;
  overflow-wrap: break-word;
  -webkit-font-smoothing: antialiased;
}

.c0.fi-heading--h5 {
  font-family: 'Source Sans Pro','Helvetica Neue',Arial,sans-serif;
  font-size: 16px;
  font-weight: 600;
  line-height: 20px;
  -webkit-letter-spacing: 0;
  -moz-letter-spacing: 0;
  -ms-letter-spacing: 0;
  letter-spacing: 0;
  -webkit-text-decoration: none;
  text-decoration: none;
  word-break: break-word;
  overflow-wrap: break-word;
  -webkit-font-smoothing: antialiased;
}

.c0.fi-heading--h6 {
  font-family: 'Source Sans Pro','Helvetica Neue',Arial,sans-serif;
  font-size: 16px;
  font-weight: 600;
  line-height: 20px;
  -webkit-letter-spacing: 0;
  -moz-letter-spacing: 0;
  -ms-letter-spacing: 0;
  letter-spacing: 0;
  -webkit-text-decoration: none;
  text-decoration: none;
  word-break: break-word;
  overflow-wrap: break-word;
  -webkit-font-smoothing: antialiased;
}

.c0.fi-heading--small-screen {
  font-family: 'Source Sans Pro','Helvetica Neue',Arial,sans-serif;
  font-size: 32px;
  font-weight: 300;
  line-height: 38px;
  -webkit-letter-spacing: 0;
  -moz-letter-spacing: 0;
  -ms-letter-spacing: 0;
  letter-spacing: 0;
  -webkit-text-decoration: none;
  text-decoration: none;
  word-break: break-word;
  overflow-wrap: break-word;
  -webkit-font-smoothing: antialiased;
}

.c0.fi-heading--small-screen.fi-heading--h1hero {
  font-family: 'Source Sans Pro','Helvetica Neue',Arial,sans-serif;
  font-size: 32px;
  font-weight: 600;
  line-height: 38px;
  -webkit-letter-spacing: 0;
  -moz-letter-spacing: 0;
  -ms-letter-spacing: 0;
  letter-spacing: 0;
  -webkit-text-decoration: none;
  text-decoration: none;
  word-break: break-word;
  overflow-wrap: break-word;
  -webkit-font-smoothing: antialiased;
}

.c0.fi-heading--small-screen.fi-heading--h1 {
  font-family: 'Source Sans Pro','Helvetica Neue',Arial,sans-serif;
  font-size: 32px;
  font-weight: 300;
  line-height: 38px;
  -webkit-letter-spacing: 0;
  -moz-letter-spacing: 0;
  -ms-letter-spacing: 0;
  letter-spacing: 0;
  -webkit-text-decoration: none;
  text-decoration: none;
  word-break: break-word;
  overflow-wrap: break-word;
  -webkit-font-smoothing: antialiased;
}

.c0.fi-heading--small-screen.fi-heading--h2 {
  font-family: 'Source Sans Pro','Helvetica Neue',Arial,sans-serif;
  font-size: 26px;
  font-weight: 600;
  line-height: 32px;
  -webkit-letter-spacing: 0;
  -moz-letter-spacing: 0;
  -ms-letter-spacing: 0;
  letter-spacing: 0;
  -webkit-text-decoration: none;
  text-decoration: none;
  word-break: break-word;
  overflow-wrap: break-word;
  -webkit-font-smoothing: antialiased;
}

.c0.fi-heading--small-screen.fi-heading--h3 {
  font-family: 'Source Sans Pro','Helvetica Neue',Arial,sans-serif;
  font-size: 20px;
  font-weight: 600;
  line-height: 26px;
  -webkit-letter-spacing: 0;
  -moz-letter-spacing: 0;
  -ms-letter-spacing: 0;
  letter-spacing: 0;
  -webkit-text-decoration: none;
  text-decoration: none;
  word-break: break-word;
  overflow-wrap: break-word;
  -webkit-font-smoothing: antialiased;
}

.c0.fi-heading--small-screen.fi-heading--h4 {
  font-family: 'Source Sans Pro','Helvetica Neue',Arial,sans-serif;
  font-size: 16px;
  font-weight: 600;
  line-height: 20px;
  -webkit-letter-spacing: 0;
  -moz-letter-spacing: 0;
  -ms-letter-spacing: 0;
  letter-spacing: 0;
  -webkit-text-decoration: none;
  text-decoration: none;
  word-break: break-word;
  overflow-wrap: break-word;
  -webkit-font-smoothing: antialiased;
}

.c0.fi-heading--small-screen.fi-heading--h5 {
  font-family: 'Source Sans Pro','Helvetica Neue',Arial,sans-serif;
  font-size: 16px;
  font-weight: 600;
  line-height: 20px;
  -webkit-letter-spacing: 0;
  -moz-letter-spacing: 0;
  -ms-letter-spacing: 0;
  letter-spacing: 0;
  -webkit-text-decoration: none;
  text-decoration: none;
  word-break: break-word;
  overflow-wrap: break-word;
  -webkit-font-smoothing: antialiased;
}

.c0.fi-heading--small-screen.fi-heading--h6 {
  font-family: 'Source Sans Pro','Helvetica Neue',Arial,sans-serif;
  font-size: 16px;
  font-weight: 600;
  line-height: 20px;
  -webkit-letter-spacing: 0;
  -moz-letter-spacing: 0;
  -ms-letter-spacing: 0;
  letter-spacing: 0;
  -webkit-text-decoration: none;
  text-decoration: none;
  word-break: break-word;
  overflow-wrap: break-word;
  -webkit-font-smoothing: antialiased;
}

<div
  data-testid="Heading"
>
  <h1
    class="fi-heading c0 fi-heading--h1hero c1"
  >
    Test Heading
  </h1>
  <h1
    class="fi-heading c0 fi-heading--h1 c1"
  >
    Test Heading
  </h1>
  <h2
    class="fi-heading c0 fi-heading--h2 c1"
  >
    Test Heading
  </h2>
  <h2
    class="fi-heading c0 fi-heading--h3 c1"
  >
    h3 as h2 text
  </h2>
  <h3
    class="fi-heading c0 fi-heading--h3 c1"
  >
    Test Heading
  </h3>
  <h4
    class="fi-heading c0 fi-heading--h4 c1"
  >
    Test Heading
  </h4>
  <h5
    class="fi-heading c0 fi-heading--h5 c1"
  >
    Test Heading
  </h5>
  <h6
    class="fi-heading c0 fi-heading--h6 c1"
  >
    Test Heading
  </h6>
</div>
`;
